> Task :app:checkKotlinGradlePluginConfigurationErrors SKIPPED
> Task :app:preBuild UP-TO-DATE
> Task :app:preDebugBuild UP-TO-DATE
> Task :app:dataBindingMergeDependencyArtifactsDebug UP-TO-DATE
> Task :app:generateDebugResValues UP-TO-DATE
> Task :app:generateDebugResources UP-TO-DATE
> Task :app:mergeDebugResources UP-TO-DATE
> Task :app:packageDebugResources UP-TO-DATE
> Task :app:processDebugNavigationResources UP-TO-DATE
> Task :app:parseDebugLocalResources UP-TO-DATE
> Task :app:dataBindingGenBaseClassesDebug UP-TO-DATE
> Task :app:checkDebugAarMetadata UP-TO-DATE
> Task :app:compileDebugNavigationResources UP-TO-DATE
> Task :app:mapDebugSourceSetPaths UP-TO-DATE
> Task :app:createDebugCompatibleScreenManifests UP-TO-DATE
> Task :app:extractDeepLinksDebug UP-TO-DATE
> Task :app:processDebugMainManifest UP-TO-DATE
> Task :app:processDebugManifest UP-TO-DATE
> Task :app:processDebugManifestForPackage UP-TO-DATE
> Task :app:processDebugResources UP-TO-DATE
> Task :app:kspDebugKotlin UP-TO-DATE
> Task :app:compileDebugKotlin UP-TO-DATE
> Task :app:javaPreCompileDebug UP-TO-DATE
> Task :app:compileDebugJavaWithJavac UP-TO-DATE
> Task :app:bundleDebugClassesToRuntimeJar UP-TO-DATE
> Task :app:bundleDebugClassesToCompileJar UP-TO-DATE
> Task :app:kspDebugUnitTestKotlin UP-TO-DATE
> Task :app:preDebugUnitTestBuild UP-TO-DATE
> Task :app:javaPreCompileDebugUnitTest UP-TO-DATE
> Task :app:processDebugJavaRes UP-TO-DATE

> Task :app:compileDebugUnitTestKotlin FAILED
e: file:///C:/Users/josem/AndroidStudioProjects/pokegame/app/src/test/java/com/example/pokegame/model/PokeListViewModelTest.kt:40:158 Cannot infer type for this parameter. Please specify it explicitly.
e: file:///C:/Users/josem/AndroidStudioProjects/pokegame/app/src/test/java/com/example/pokegame/model/PokeListViewModelTest.kt:40:158 Argument type mismatch: actual type is 'kotlin.collections.List<T>', but 'com.example.pokegame.api.Cries?' was expected.
e: file:///C:/Users/josem/AndroidStudioProjects/pokegame/app/src/test/java/com/example/pokegame/model/PokeListViewModelTest.kt:41:159 Cannot infer type for this parameter. Please specify it explicitly.
e: file:///C:/Users/josem/AndroidStudioProjects/pokegame/app/src/test/java/com/example/pokegame/model/PokeListViewModelTest.kt:41:159 Argument type mismatch: actual type is 'kotlin.collections.List<T>', but 'com.example.pokegame.api.Cries?' was expected.
e: file:///C:/Users/josem/AndroidStudioProjects/pokegame/app/src/test/java/com/example/pokegame/repository/PokemonRepositoryTest.kt:7:33 Unresolved reference 'PokemonSprites'.
e: file:///C:/Users/josem/AndroidStudioProjects/pokegame/app/src/test/java/com/example/pokegame/repository/PokemonRepositoryTest.kt:28:44 Argument type mismatch: actual type is 'kotlin.collections.List<com.example.pokegame.api.PokeResult>', but 'kotlin.Int' was expected.
e: file:///C:/Users/josem/AndroidStudioProjects/pokegame/app/src/test/java/com/example/pokegame/repository/PokemonRepositoryTest.kt:28:44 No value passed for parameter 'next'.
e: file:///C:/Users/josem/AndroidStudioProjects/pokegame/app/src/test/java/com/example/pokegame/repository/PokemonRepositoryTest.kt:28:44 No value passed for parameter 'previous'.
e: file:///C:/Users/josem/AndroidStudioProjects/pokegame/app/src/test/java/com/example/pokegame/repository/PokemonRepositoryTest.kt:28:44 No value passed for parameter 'results'.
e: file:///C:/Users/josem/AndroidStudioProjects/pokegame/app/src/test/java/com/example/pokegame/repository/PokemonRepositoryTest.kt:39:25 Cannot infer type for this parameter. Please specify it explicitly.
e: file:///C:/Users/josem/AndroidStudioProjects/pokegame/app/src/test/java/com/example/pokegame/repository/PokemonRepositoryTest.kt:39:25 Argument type mismatch: actual type is 'kotlin.collections.List<T>', but 'kotlin.Boolean' was expected.
e: file:///C:/Users/josem/AndroidStudioProjects/pokegame/app/src/test/java/com/example/pokegame/repository/PokemonRepositoryTest.kt:40:25 Unresolved reference 'PokemonSprites'.
e: file:///C:/Users/josem/AndroidStudioProjects/pokegame/app/src/test/java/com/example/pokegame/repository/PokemonRepositoryTest.kt:41:25 Cannot infer type for this parameter. Please specify it explicitly.
e: file:///C:/Users/josem/AndroidStudioProjects/pokegame/app/src/test/java/com/example/pokegame/repository/PokemonRepositoryTest.kt:41:25 Argument type mismatch: actual type is 'kotlin.collections.List<T>', but 'kotlin.Int' was expected.
e: file:///C:/Users/josem/AndroidStudioProjects/pokegame/app/src/test/java/com/example/pokegame/repository/PokemonRepositoryTest.kt:42:25 Cannot infer type for this parameter. Please specify it explicitly.
e: file:///C:/Users/josem/AndroidStudioProjects/pokegame/app/src/test/java/com/example/pokegame/repository/PokemonRepositoryTest.kt:42:25 Argument type mismatch: actual type is 'kotlin.collections.List<T>', but 'com.example.pokegame.api.Sprites' was expected.
e: file:///C:/Users/josem/AndroidStudioProjects/pokegame/app/src/test/java/com/example/pokegame/repository/PokemonRepositoryTest.kt:43:25 No value passed for parameter 'forms'.
e: file:///C:/Users/josem/AndroidStudioProjects/pokegame/app/src/test/java/com/example/pokegame/repository/PokemonRepositoryTest.kt:43:25 No value passed for parameter 'gameIndices'.
e: file:///C:/Users/josem/AndroidStudioProjects/pokegame/app/src/test/java/com/example/pokegame/repository/PokemonRepositoryTest.kt:43:25 No value passed for parameter 'heldItems'.
e: file:///C:/Users/josem/AndroidStudioProjects/pokegame/app/src/test/java/com/example/pokegame/repository/PokemonRepositoryTest.kt:43:25 No value passed for parameter 'locationAreaEncounters'.
e: file:///C:/Users/josem/AndroidStudioProjects/pokegame/app/src/test/java/com/example/pokegame/repository/PokemonRepositoryTest.kt:43:25 No value passed for parameter 'moves'.
e: file:///C:/Users/josem/AndroidStudioProjects/pokegame/app/src/test/java/com/example/pokegame/repository/PokemonRepositoryTest.kt:43:25 No value passed for parameter 'species'.
e: file:///C:/Users/josem/AndroidStudioProjects/pokegame/app/src/test/java/com/example/pokegame/repository/PokemonRepositoryTest.kt:43:25 No value passed for parameter 'stats'.
e: file:///C:/Users/josem/AndroidStudioProjects/pokegame/app/src/test/java/com/example/pokegame/repository/PokemonRepositoryTest.kt:43:25 No value passed for parameter 'types'.
e: file:///C:/Users/josem/AndroidStudioProjects/pokegame/app/src/test/java/com/example/pokegame/repository/PokemonRepositoryTest.kt:43:25 No value passed for parameter 'cries'.
e: file:///C:/Users/josem/AndroidStudioProjects/pokegame/app/src/test/java/com/example/pokegame/repository/PokemonRepositoryTest.kt:51:25 Cannot infer type for this parameter. Please specify it explicitly.
e: file:///C:/Users/josem/AndroidStudioProjects/pokegame/app/src/test/java/com/example/pokegame/repository/PokemonRepositoryTest.kt:51:25 Argument type mismatch: actual type is 'kotlin.collections.List<T>', but 'kotlin.Boolean' was expected.
e: file:///C:/Users/josem/AndroidStudioProjects/pokegame/app/src/test/java/com/example/pokegame/repository/PokemonRepositoryTest.kt:52:25 Unresolved reference 'PokemonSprites'.
e: file:///C:/Users/josem/AndroidStudioProjects/pokegame/app/src/test/java/com/example/pokegame/repository/PokemonRepositoryTest.kt:53:25 Cannot infer type for this parameter. Please specify it explicitly.
e: file:///C:/Users/josem/AndroidStudioProjects/pokegame/app/src/test/java/com/example/pokegame/repository/PokemonRepositoryTest.kt:53:25 Argument type mismatch: actual type is 'kotlin.collections.List<T>', but 'kotlin.Int' was expected.
e: file:///C:/Users/josem/AndroidStudioProjects/pokegame/app/src/test/java/com/example/pokegame/repository/PokemonRepositoryTest.kt:54:25 Cannot infer type for this parameter. Please specify it explicitly.
e: file:///C:/Users/josem/AndroidStudioProjects/pokegame/app/src/test/java/com/example/pokegame/repository/PokemonRepositoryTest.kt:54:25 Argument type mismatch: actual type is 'kotlin.collections.List<T>', but 'com.example.pokegame.api.Sprites' was expected.
e: file:///C:/Users/josem/AndroidStudioProjects/pokegame/app/src/test/java/com/example/pokegame/repository/PokemonRepositoryTest.kt:55:25 No value passed for parameter 'forms'.
e: file:///C:/Users/josem/AndroidStudioProjects/pokegame/app/src/test/java/com/example/pokegame/repository/PokemonRepositoryTest.kt:55:25 No value passed for parameter 'gameIndices'.
e: file:///C:/Users/josem/AndroidStudioProjects/pokegame/app/src/test/java/com/example/pokegame/repository/PokemonRepositoryTest.kt:55:25 No value passed for parameter 'heldItems'.
e: file:///C:/Users/josem/AndroidStudioProjects/pokegame/app/src/test/java/com/example/pokegame/repository/PokemonRepositoryTest.kt:55:25 No value passed for parameter 'locationAreaEncounters'.
e: file:///C:/Users/josem/AndroidStudioProjects/pokegame/app/src/test/java/com/example/pokegame/repository/PokemonRepositoryTest.kt:55:25 No value passed for parameter 'moves'.
e: file:///C:/Users/josem/AndroidStudioProjects/pokegame/app/src/test/java/com/example/pokegame/repository/PokemonRepositoryTest.kt:55:25 No value passed for parameter 'species'.
e: file:///C:/Users/josem/AndroidStudioProjects/pokegame/app/src/test/java/com/example/pokegame/repository/PokemonRepositoryTest.kt:55:25 No value passed for parameter 'stats'.
e: file:///C:/Users/josem/AndroidStudioProjects/pokegame/app/src/test/java/com/example/pokegame/repository/PokemonRepositoryTest.kt:55:25 No value passed for parameter 'types'.
e: file:///C:/Users/josem/AndroidStudioProjects/pokegame/app/src/test/java/com/example/pokegame/repository/PokemonRepositoryTest.kt:55:25 No value passed for parameter 'cries'.
e: file:///C:/Users/josem/AndroidStudioProjects/pokegame/app/src/test/java/com/example/pokegame/repository/PokemonRepositoryTest.kt:93:25 Cannot infer type for this parameter. Please specify it explicitly.
e: file:///C:/Users/josem/AndroidStudioProjects/pokegame/app/src/test/java/com/example/pokegame/repository/PokemonRepositoryTest.kt:93:25 Argument type mismatch: actual type is 'kotlin.collections.List<T>', but 'kotlin.Boolean' was expected.
e: file:///C:/Users/josem/AndroidStudioProjects/pokegame/app/src/test/java/com/example/pokegame/repository/PokemonRepositoryTest.kt:94:25 Unresolved reference 'PokemonSprites'.
e: file:///C:/Users/josem/AndroidStudioProjects/pokegame/app/src/test/java/com/example/pokegame/repository/PokemonRepositoryTest.kt:95:25 Cannot infer type for this parameter. Please specify it explicitly.
e: file:///C:/Users/josem/AndroidStudioProjects/pokegame/app/src/test/java/com/example/pokegame/repository/PokemonRepositoryTest.kt:95:25 Argument type mismatch: actual type is 'kotlin.collections.List<T>', but 'kotlin.Int' was expected.
e: file:///C:/Users/josem/AndroidStudioProjects/pokegame/app/src/test/java/com/example/pokegame/repository/PokemonRepositoryTest.kt:96:25 Cannot infer type for this parameter. Please specify it explicitly.
e: file:///C:/Users/josem/AndroidStudioProjects/pokegame/app/src/test/java/com/example/pokegame/repository/PokemonRepositoryTest.kt:96:25 Argument type mismatch: actual type is 'kotlin.collections.List<T>', but 'com.example.pokegame.api.Sprites' was expected.
e: file:///C:/Users/josem/AndroidStudioProjects/pokegame/app/src/test/java/com/example/pokegame/repository/PokemonRepositoryTest.kt:97:25 No value passed for parameter 'forms'.
e: file:///C:/Users/josem/AndroidStudioProjects/pokegame/app/src/test/java/com/example/pokegame/repository/PokemonRepositoryTest.kt:97:25 No value passed for parameter 'gameIndices'.
e: file:///C:/Users/josem/AndroidStudioProjects/pokegame/app/src/test/java/com/example/pokegame/repository/PokemonRepositoryTest.kt:97:25 No value passed for parameter 'heldItems'.
e: file:///C:/Users/josem/AndroidStudioProjects/pokegame/app/src/test/java/com/example/pokegame/repository/PokemonRepositoryTest.kt:97:25 No value passed for parameter 'locationAreaEncounters'.
e: file:///C:/Users/josem/AndroidStudioProjects/pokegame/app/src/test/java/com/example/pokegame/repository/PokemonRepositoryTest.kt:97:25 No value passed for parameter 'moves'.
e: file:///C:/Users/josem/AndroidStudioProjects/pokegame/app/src/test/java/com/example/pokegame/repository/PokemonRepositoryTest.kt:97:25 No value passed for parameter 'species'.
e: file:///C:/Users/josem/AndroidStudioProjects/pokegame/app/src/test/java/com/example/pokegame/repository/PokemonRepositoryTest.kt:97:25 No value passed for parameter 'stats'.
e: file:///C:/Users/josem/AndroidStudioProjects/pokegame/app/src/test/java/com/example/pokegame/repository/PokemonRepositoryTest.kt:97:25 No value passed for parameter 'types'.
e: file:///C:/Users/josem/AndroidStudioProjects/pokegame/app/src/test/java/com/example/pokegame/repository/PokemonRepositoryTest.kt:97:25 No value passed for parameter 'cries'.
e: file:///C:/Users/josem/AndroidStudioProjects/pokegame/app/src/test/java/com/example/pokegame/util/SessionManagerTest.kt:28:24 Unresolved reference 'saveAuthToken'.

FAILURE: Build failed with an exception.

* What went wrong:
Execution failed for task ':app:compileDebugUnitTestKotlin'.
> A failure occurred while executing org.jetbrains.kotlin.compilerRunner.GradleCompilerRunnerWithWorkers$GradleKotlinCompilerWorkAction
   > Compilation error. See log for more details

* Try:
> Run with --stacktrace option to get the stack trace.
> Run with --info or --debug option to get more log output.
> Run with --scan to get full insights.
> Get more help at https://help.gradle.org.

BUILD FAILED in 4s
27 actionable tasks: 1 executed, 26 up-to-date
